// Jest Snapshot v1, https://goo.gl/fbAQLP

exports[`renders correctly 1`] = `
<div
  className="columns is-multiline"
  style={Object {}}
>
  <div
    className="column"
    style={Object {}}
  />
</div>
`;
